▲ Next.js 16.3.4 (webpack)
- Local:         http://127.0.0.1:3457
- Network:       http://127.0.0.1:3457
✓ Ready in 256ms
✓ Running next.config.js took 17ms
[source-auto-sync] enabled interval=300s
- Cache Components enabled

[db] applied migration v1
[db] applied migration v2
[db] applied migration v3
[db] applied migration v4
[db] applied migration v5
[db] applied migration v6
[db] applied migration v7
[db] applied migration v8
[db] applied migration v9
[db] applied migration v10
[db] applied migration v11
[db] applied migration v12
[db] applied migration v13
[db] applied migration v14
[db] applied migration v15
[db] applied migration v16
[db] applied migration v17
[db] applied migration v18
 GET /api/health 200 in 944ms (next.js: 733ms, proxy.ts: 134ms, application-code: 77ms)
[2026-10-02T22:03:49.322Z] [AUTH] login success user=luxadmin ip=127.0.0.1
 POST /api/auth/login 200 in 956ms (next.js: 243ms, proxy.ts: 4ms, application-code: 709ms)
 GET /api/lux/releases/host 200 in 356ms (next.js: 236ms, proxy.ts: 17ms, application-code: 104ms)
(node:2089747) Warning: Setting the NODE_TLS_REJECT_UNAUTHORIZED environment variable to '0' makes TLS connections and HTTPS requests insecure by disabling certificate verification.
(Use `node --trace-warnings ...` to show where the warning was created)
[2026-10-02T22:03:50.054Z] [APP] lux_lux_releases_switch_post success user=luxadmin ip=127.0.0.1 v1.3.2
 POST /api/lux/releases/switch 202 in 281ms (next.js: 122ms, proxy.ts: 3ms, application-code: 156ms)
[source-auto-sync] pass failed: not mocked
[source-auto-sync] pass failed: not mocked
[?25h
